../Core/Src/main.c:127:5:main	64	static
../Core/Src/main.c:246:6:SystemClock_Config	96	static
../Core/Src/main.c:296:13:MX_I2C1_Init	8	static
../Core/Src/main.c:344:13:MX_SPI2_Init	8	static
../Core/Src/main.c:384:13:MX_TIM2_Init	48	static
../Core/Src/main.c:433:13:MX_USART2_UART_Init	8	static
../Core/Src/main.c:468:13:MX_GPIO_Init	48	static
../Core/Src/main.c:523:6:ST7735_Reset	8	static
../Core/Src/main.c:530:6:ST7735_Command	16	static
../Core/Src/main.c:538:6:ST7735_Data	16	static
../Core/Src/main.c:546:6:ST7735_Init	16	static
../Core/Src/main.c:570:6:ST7735_DrawScreen	16	static
../Core/Src/main.c:582:6:ST7735_UpdateCharCursor	16	static
../Core/Src/main.c:601:6:ST7735_PrintChar	40	static
../Core/Src/main.c:638:6:ST7735_PrintString	24	static
../Core/Src/main.c:653:6:ST7735_SetAddressWindow	32	static
../Core/Src/main.c:688:6:ST7735_DrawPixel	24	static
../Core/Src/main.c:698:6:ST7735_FillScreen	24	static
../Core/Src/main.c:709:6:MPU6050_Init	32	static
../Core/Src/main.c:716:6:MPU6050_Read_Accel	32	static
../Core/Src/main.c:725:6:MPU6050_Read_Gyro	32	static
../Core/Src/main.c:740:6:Error_Handler	4	static,ignoring_inline_asm
